// Jest Snapshot v1, https://goo.gl/fbAQLP

exports[`person timeline component tests renders correct data 1`] = `
<div>
  <div>
    <div
      class="react-calendar-timeline "
    >
      <div
        class="rct-header-root"
        style="display: flex; width: 100%;"
      >
        <div
          style="width: 150px;"
        />
        <div
          class="rct-calendar-header"
          style="overflow: hidden; width: calc(100% - 150px);"
        >
          <div
            style="height: 30px; position: relative; width: -450px;"
          >
            <div
              class="rct-dateHeader rct-dateHeader-primary"
              style="left: 761.6822429906542px; width: -1364.4859813084113px; position: absolute;"
            >
              <span>
                21
              </span>
            </div>
          </div>
          <div
            style="height: 30px; position: relative; width: -450px;"
          >
            <div
              class="rct-dateHeader "
              style="left: 761.6822429906542px; width: -1364.4859813084113px; position: absolute;"
            >
              <span>
                21
              </span>
            </div>
          </div>
        </div>
      </div>
      <div
        class="rct-outer"
        style="height: 2970px;"
      >
        <div
          class="rct-sidebar"
          style="width: 150px; height: 2970px;"
        >
          <div
            style="width: 150px;"
          >
            <div
              class="rct-sidebar-row rct-sidebar-row-even"
              style="height: 90px; line-height: 90px;"
            >
              Nombre 0
            </div>
            <div
              class="rct-sidebar-row rct-sidebar-row-odd"
              style="height: 90px; line-height: 90px;"
            >
              Nombre 1
            </div>
            <div
              class="rct-sidebar-row rct-sidebar-row-even"
              style="height: 120px; line-height: 120px;"
            >
              Nombre 2
            </div>
            <div
              class="rct-sidebar-row rct-sidebar-row-odd"
              style="height: 90px; line-height: 90px;"
            >
              Nombre 3
            </div>
            <div
              class="rct-sidebar-row rct-sidebar-row-even"
              style="height: 90px; line-height: 90px;"
            >
              Nombre 4
            </div>
            <div
              class="rct-sidebar-row rct-sidebar-row-odd"
              style="height: 120px; line-height: 120px;"
            >
              Nombre 5
            </div>
            <div
              class="rct-sidebar-row rct-sidebar-row-even"
              style="height: 90px; line-height: 90px;"
            >
              Nombre 6
            </div>
            <div
              class="rct-sidebar-row rct-sidebar-row-odd"
              style="height: 90px; line-height: 90px;"
            >
              Nombre 7
            </div>
            <div
              class="rct-sidebar-row rct-sidebar-row-even"
              style="height: 120px; line-height: 120px;"
            >
              Nombre 8
            </div>
            <div
              class="rct-sidebar-row rct-sidebar-row-odd"
              style="height: 90px; line-height: 90px;"
            >
              Nombre 9
            </div>
            <div
              class="rct-sidebar-row rct-sidebar-row-even"
              style="height: 90px; line-height: 90px;"
            >
              Nombre 10
            </div>
            <div
              class="rct-sidebar-row rct-sidebar-row-odd"
              style="height: 120px; line-height: 120px;"
            >
              Nombre 11
            </div>
            <div
              class="rct-sidebar-row rct-sidebar-row-even"
              style="height: 90px; line-height: 90px;"
            >
              Nombre 12
            </div>
            <div
              class="rct-sidebar-row rct-sidebar-row-odd"
              style="height: 90px; line-height: 90px;"
            >
              Nombre 13
            </div>
            <div
              class="rct-sidebar-row rct-sidebar-row-even"
              style="height: 120px; line-height: 120px;"
            >
              Nombre 14
            </div>
            <div
              class="rct-sidebar-row rct-sidebar-row-odd"
              style="height: 90px; line-height: 90px;"
            >
              Nombre 15
            </div>
            <div
              class="rct-sidebar-row rct-sidebar-row-even"
              style="height: 90px; line-height: 90px;"
            >
              Nombre 16
            </div>
            <div
              class="rct-sidebar-row rct-sidebar-row-odd"
              style="height: 120px; line-height: 120px;"
            >
              Nombre 17
            </div>
            <div
              class="rct-sidebar-row rct-sidebar-row-even"
              style="height: 90px; line-height: 90px;"
            >
              Nombre 18
            </div>
            <div
              class="rct-sidebar-row rct-sidebar-row-odd"
              style="height: 90px; line-height: 90px;"
            >
              Nombre 19
            </div>
            <div
              class="rct-sidebar-row rct-sidebar-row-even"
              style="height: 120px; line-height: 120px;"
            >
              Nombre 20
            </div>
            <div
              class="rct-sidebar-row rct-sidebar-row-odd"
              style="height: 90px; line-height: 90px;"
            >
              Nombre 21
            </div>
            <div
              class="rct-sidebar-row rct-sidebar-row-even"
              style="height: 90px; line-height: 90px;"
            >
              Nombre 22
            </div>
            <div
              class="rct-sidebar-row rct-sidebar-row-odd"
              style="height: 120px; line-height: 120px;"
            >
              Nombre 23
            </div>
            <div
              class="rct-sidebar-row rct-sidebar-row-even"
              style="height: 90px; line-height: 90px;"
            >
              Nombre 24
            </div>
            <div
              class="rct-sidebar-row rct-sidebar-row-odd"
              style="height: 90px; line-height: 90px;"
            >
              Nombre 25
            </div>
            <div
              class="rct-sidebar-row rct-sidebar-row-even"
              style="height: 120px; line-height: 120px;"
            >
              Nombre 26
            </div>
            <div
              class="rct-sidebar-row rct-sidebar-row-odd"
              style="height: 90px; line-height: 90px;"
            >
              Nombre 27
            </div>
            <div
              class="rct-sidebar-row rct-sidebar-row-even"
              style="height: 90px; line-height: 90px;"
            >
              Nombre 28
            </div>
            <div
              class="rct-sidebar-row rct-sidebar-row-odd"
              style="height: 90px; line-height: 90px;"
            >
              Nombre 29
            </div>
          </div>
        </div>
        <div
          class="rct-scroll"
          style="width: -150px; height: 2990px; cursor: default; position: relative;"
        >
          <div
            style="position: absolute; left: 0px; right: 0px; top: 0px; bottom: 0px;"
          >
            <div
              class="rct-vertical-lines"
            >
              <div
                class="rct-vl"
                style="pointer-events: none; top: 0px; left: 761.6822429906542px; width: -1364.4859813084113px; height: 2970px;"
              />
            </div>
            <div
              class="rct-horizontal-lines"
            >
              <div
                class="rct-hl-even "
                style="width: -450px; height: 90px;"
              />
              <div
                class="rct-hl-odd "
                style="width: -450px; height: 90px;"
              />
              <div
                class="rct-hl-even "
                style="width: -450px; height: 120px;"
              />
              <div
                class="rct-hl-odd "
                style="width: -450px; height: 90px;"
              />
              <div
                class="rct-hl-even "
                style="width: -450px; height: 90px;"
              />
              <div
                class="rct-hl-odd "
                style="width: -450px; height: 120px;"
              />
              <div
                class="rct-hl-even "
                style="width: -450px; height: 90px;"
              />
              <div
                class="rct-hl-odd "
                style="width: -450px; height: 90px;"
              />
              <div
                class="rct-hl-even "
                style="width: -450px; height: 120px;"
              />
              <div
                class="rct-hl-odd "
                style="width: -450px; height: 90px;"
              />
              <div
                class="rct-hl-even "
                style="width: -450px; height: 90px;"
              />
              <div
                class="rct-hl-odd "
                style="width: -450px; height: 120px;"
              />
              <div
                class="rct-hl-even "
                style="width: -450px; height: 90px;"
              />
              <div
                class="rct-hl-odd "
                style="width: -450px; height: 90px;"
              />
              <div
                class="rct-hl-even "
                style="width: -450px; height: 120px;"
              />
              <div
                class="rct-hl-odd "
                style="width: -450px; height: 90px;"
              />
              <div
                class="rct-hl-even "
                style="width: -450px; height: 90px;"
              />
              <div
                class="rct-hl-odd "
                style="width: -450px; height: 120px;"
              />
              <div
                class="rct-hl-even "
                style="width: -450px; height: 90px;"
              />
              <div
                class="rct-hl-odd "
                style="width: -450px; height: 90px;"
              />
              <div
                class="rct-hl-even "
                style="width: -450px; height: 120px;"
              />
              <div
                class="rct-hl-odd "
                style="width: -450px; height: 90px;"
              />
              <div
                class="rct-hl-even "
                style="width: -450px; height: 90px;"
              />
              <div
                class="rct-hl-odd "
                style="width: -450px; height: 120px;"
              />
              <div
                class="rct-hl-even "
                style="width: -450px; height: 90px;"
              />
              <div
                class="rct-hl-odd "
                style="width: -450px; height: 90px;"
              />
              <div
                class="rct-hl-even "
                style="width: -450px; height: 120px;"
              />
              <div
                class="rct-hl-odd "
                style="width: -450px; height: 90px;"
              />
              <div
                class="rct-hl-even "
                style="width: -450px; height: 90px;"
              />
              <div
                class="rct-hl-odd "
                style="width: -450px; height: 90px;"
              />
            </div>
            <div
              class="rct-items"
            >
              <div
                class="rct-item "
                style="font-size: 12px; color: white; cursor: pointer; background: rgb(33, 150, 243); border: 1px solid #1a6fb3; z-index: 80; position: absolute; box-sizing: border-box; left: -150.46728971962617px; top: 3.75px; width: 3px; height: 22.5px; line-height: 22.5px;"
                title="Proyecto 1"
              >
                
                <div
                  class="rct-item-content"
                  style="max-height: 22.5;"
                >
                  Proyecto 1
                </div>
                
              </div>
              <div
                class="rct-item "
                style="font-size: 12px; color: white; cursor: pointer; background: rgb(33, 150, 243); border: 1px solid #1a6fb3; z-index: 80; position: absolute; box-sizing: border-box; left: -150.46728971962617px; top: 33.75px; width: 3px; height: 22.5px; line-height: 22.5px;"
                title="Proyecto 2"
              >
                
                <div
                  class="rct-item-content"
                  style="max-height: 22.5;"
                >
                  Proyecto 2
                </div>
                
              </div>
              <div
                class="rct-item "
                style="font-size: 12px; color: white; cursor: pointer; background: rgb(33, 150, 243); border: 1px solid #1a6fb3; z-index: 80; position: absolute; box-sizing: border-box; left: -150.46728971962617px; top: 63.75px; width: 3px; height: 22.5px; line-height: 22.5px;"
                title="Proyecto 3"
              >
                
                <div
                  class="rct-item-content"
                  style="max-height: 22.5;"
                >
                  Proyecto 3
                </div>
                
              </div>
              <div
                class="rct-item "
                style="font-size: 12px; color: white; cursor: pointer; background: rgb(33, 150, 243); border: 1px solid #1a6fb3; z-index: 80; position: absolute; box-sizing: border-box; left: -150.46728971962617px; top: 93.75px; width: 3px; height: 22.5px; line-height: 22.5px;"
                title="Proyecto 4"
              >
                
                <div
                  class="rct-item-content"
                  style="max-height: 22.5;"
                >
                  Proyecto 4
                </div>
                
              </div>
              <div
                class="rct-item "
                style="font-size: 12px; color: white; cursor: pointer; background: rgb(33, 150, 243); border: 1px solid #1a6fb3; z-index: 80; position: absolute; box-sizing: border-box; left: -150.46728971962617px; top: 123.75px; width: 3px; height: 22.5px; line-height: 22.5px;"
                title="Proyecto 5"
              >
                
                <div
                  class="rct-item-content"
                  style="max-height: 22.5;"
                >
                  Proyecto 5
                </div>
                
              </div>
              <div
                class="rct-item "
                style="font-size: 12px; color: white; cursor: pointer; background: rgb(33, 150, 243); border: 1px solid #1a6fb3; z-index: 80; position: absolute; box-sizing: border-box; left: -150.46728971962617px; top: 153.75px; width: 3px; height: 22.5px; line-height: 22.5px;"
                title="Proyecto 6"
              >
                
                <div
                  class="rct-item-content"
                  style="max-height: 22.5;"
                >
                  Proyecto 6
                </div>
                
              </div>
              <div
                class="rct-item "
                style="font-size: 12px; color: white; cursor: pointer; background: rgb(33, 150, 243); border: 1px solid #1a6fb3; z-index: 80; position: absolute; box-sizing: border-box; left: -150.46728971962617px; top: 183.75px; width: 3px; height: 22.5px; line-height: 22.5px;"
                title="Proyecto 7"
              >
                
                <div
                  class="rct-item-content"
                  style="max-height: 22.5;"
                >
                  Proyecto 7
                </div>
                
              </div>
              <div
                class="rct-item "
                style="font-size: 12px; color: white; cursor: pointer; background: rgb(33, 150, 243); border: 1px solid #1a6fb3; z-index: 80; position: absolute; box-sizing: border-box; left: -150.46728971962617px; top: 213.75px; width: 3px; height: 22.5px; line-height: 22.5px;"
                title="Proyecto 8"
              >
                
                <div
                  class="rct-item-content"
                  style="max-height: 22.5;"
                >
                  Proyecto 8
                </div>
                
              </div>
              <div
                class="rct-item "
                style="font-size: 12px; color: white; cursor: pointer; background: rgb(33, 150, 243); border: 1px solid #1a6fb3; z-index: 80; position: absolute; box-sizing: border-box; left: -150.46728971962617px; top: 243.75px; width: 3px; height: 22.5px; line-height: 22.5px;"
                title="Proyecto 9"
              >
                
                <div
                  class="rct-item-content"
                  style="max-height: 22.5;"
                >
                  Proyecto 9
                </div>
                
              </div>
              <div
                class="rct-item "
                style="font-size: 12px; color: white; cursor: pointer; background: rgb(33, 150, 243); border: 1px solid #1a6fb3; z-index: 80; position: absolute; box-sizing: border-box; left: -150.46728971962617px; top: 273.75px; width: 3px; height: 22.5px; line-height: 22.5px;"
                title="Proyecto 10"
              >
                
                <div
                  class="rct-item-content"
                  style="max-height: 22.5;"
                >
                  Proyecto 10
                </div>
                
              </div>
              <div
                class="rct-item "
                style="font-size: 12px; color: white; cursor: pointer; background: rgb(33, 150, 243); border: 1px solid #1a6fb3; z-index: 80; position: absolute; box-sizing: border-box; left: -150.46728971962617px; top: 303.75px; width: 3px; height: 22.5px; line-height: 22.5px;"
                title="Proyecto 11"
              >
                
                <div
                  class="rct-item-content"
                  style="max-height: 22.5;"
                >
                  Proyecto 11
                </div>
                
              </div>
              <div
                class="rct-item "
                style="font-size: 12px; color: white; cursor: pointer; background: rgb(33, 150, 243); border: 1px solid #1a6fb3; z-index: 80; position: absolute; box-sizing: border-box; left: -150.46728971962617px; top: 333.75px; width: 3px; height: 22.5px; line-height: 22.5px;"
                title="Proyecto 12"
              >
                
                <div
                  class="rct-item-content"
                  style="max-height: 22.5;"
                >
                  Proyecto 12
                </div>
                
              </div>
              <div
                class="rct-item "
                style="font-size: 12px; color: white; cursor: pointer; background: rgb(33, 150, 243); border: 1px solid #1a6fb3; z-index: 80; position: absolute; box-sizing: border-box; left: -150.46728971962617px; top: 363.75px; width: 3px; height: 22.5px; line-height: 22.5px;"
                title="Proyecto 13"
              >
                
                <div
                  class="rct-item-content"
                  style="max-height: 22.5;"
                >
                  Proyecto 13
                </div>
                
              </div>
              <div
                class="rct-item "
                style="font-size: 12px; color: white; cursor: pointer; background: rgb(33, 150, 243); border: 1px solid #1a6fb3; z-index: 80; position: absolute; box-sizing: border-box; left: -150.46728971962617px; top: 393.75px; width: 3px; height: 22.5px; line-height: 22.5px;"
                title="Proyecto 14"
              >
                
                <div
                  class="rct-item-content"
                  style="max-height: 22.5;"
                >
                  Proyecto 14
                </div>
                
              </div>
              <div
                class="rct-item "
                style="font-size: 12px; color: white; cursor: pointer; background: rgb(33, 150, 243); border: 1px solid #1a6fb3; z-index: 80; position: absolute; box-sizing: border-box; left: -150.46728971962617px; top: 423.75px; width: 3px; height: 22.5px; line-height: 22.5px;"
                title="Proyecto 15"
              >
                
                <div
                  class="rct-item-content"
                  style="max-height: 22.5;"
                >
                  Proyecto 15
                </div>
                
              </div>
              <div
                class="rct-item "
                style="font-size: 12px; color: white; cursor: pointer; background: rgb(33, 150, 243); border: 1px solid #1a6fb3; z-index: 80; position: absolute; box-sizing: border-box; left: -150.46728971962617px; top: 453.75px; width: 3px; height: 22.5px; line-height: 22.5px;"
                title="Proyecto 16"
              >
                
                <div
                  class="rct-item-content"
                  style="max-height: 22.5;"
                >
                  Proyecto 16
                </div>
                
              </div>
              <div
                class="rct-item "
                style="font-size: 12px; color: white; cursor: pointer; background: rgb(33, 150, 243); border: 1px solid #1a6fb3; z-index: 80; position: absolute; box-sizing: border-box; left: -150.46728971962617px; top: 483.75px; width: 3px; height: 22.5px; line-height: 22.5px;"
                title="Proyecto 17"
              >
                
                <div
                  class="rct-item-content"
                  style="max-height: 22.5;"
                >
                  Proyecto 17
                </div>
                
              </div>
              <div
                class="rct-item "
                style="font-size: 12px; color: white; cursor: pointer; background: rgb(33, 150, 243); border: 1px solid #1a6fb3; z-index: 80; position: absolute; box-sizing: border-box; left: -150.46728971962617px; top: 513.75px; width: 3px; height: 22.5px; line-height: 22.5px;"
                title="Proyecto 18"
              >
                
                <div
                  class="rct-item-content"
                  style="max-height: 22.5;"
                >
                  Proyecto 18
                </div>
                
              </div>
              <div
                class="rct-item "
                style="font-size: 12px; color: white; cursor: pointer; background: rgb(33, 150, 243); border: 1px solid #1a6fb3; z-index: 80; position: absolute; box-sizing: border-box; left: -150.46728971962617px; top: 543.75px; width: 3px; height: 22.5px; line-height: 22.5px;"
                title="Proyecto 19"
              >
                
                <div
                  class="rct-item-content"
                  style="max-height: 22.5;"
                >
                  Proyecto 19
                </div>
                
              </div>
              <div
                class="rct-item "
                style="font-size: 12px; color: white; cursor: pointer; background: rgb(33, 150, 243); border: 1px solid #1a6fb3; z-index: 80; position: absolute; box-sizing: border-box; left: -150.46728971962617px; top: 573.75px; width: 3px; height: 22.5px; line-height: 22.5px;"
                title="Proyecto 20"
              >
                
                <div
                  class="rct-item-content"
                  style="max-height: 22.5;"
                >
                  Proyecto 20
                </div>
                
              </div>
              <div
                class="rct-item "
                style="font-size: 12px; color: white; cursor: pointer; background: rgb(33, 150, 243); border: 1px solid #1a6fb3; z-index: 80; position: absolute; box-sizing: border-box; left: -150.46728971962617px; top: 603.75px; width: 3px; height: 22.5px; line-height: 22.5px;"
                title="Proyecto 21"
              >
                
                <div
                  class="rct-item-content"
                  style="max-height: 22.5;"
                >
                  Proyecto 21
                </div>
                
              </div>
              <div
                class="rct-item "
                style="font-size: 12px; color: white; cursor: pointer; background: rgb(33, 150, 243); border: 1px solid #1a6fb3; z-index: 80; position: absolute; box-sizing: border-box; left: -150.46728971962617px; top: 633.75px; width: 3px; height: 22.5px; line-height: 22.5px;"
                title="Proyecto 22"
              >
                
                <div
                  class="rct-item-content"
                  style="max-height: 22.5;"
                >
                  Proyecto 22
                </div>
                
              </div>
              <div
                class="rct-item "
                style="font-size: 12px; color: white; cursor: pointer; background: rgb(33, 150, 243); border: 1px solid #1a6fb3; z-index: 80; position: absolute; box-sizing: border-box; left: -150.46728971962617px; top: 663.75px; width: 3px; height: 22.5px; line-height: 22.5px;"
                title="Proyecto 23"
              >
                
                <div
                  class="rct-item-content"
                  style="max-height: 22.5;"
                >
                  Proyecto 23
                </div>
                
              </div>
              <div
                class="rct-item "
                style="font-size: 12px; color: white; cursor: pointer; background: rgb(33, 150, 243); border: 1px solid #1a6fb3; z-index: 80; position: absolute; box-sizing: border-box; left: -150.46728971962617px; top: 693.75px; width: 3px; height: 22.5px; line-height: 22.5px;"
                title="Proyecto 24"
              >
                
                <div
                  class="rct-item-content"
                  style="max-height: 22.5;"
                >
                  Proyecto 24
                </div>
                
              </div>
              <div
                class="rct-item "
                style="font-size: 12px; color: white; cursor: pointer; background: rgb(33, 150, 243); border: 1px solid #1a6fb3; z-index: 80; position: absolute; box-sizing: border-box; left: -150.46728971962617px; top: 723.75px; width: 3px; height: 22.5px; line-height: 22.5px;"
                title="Proyecto 25"
              >
                
                <div
                  class="rct-item-content"
                  style="max-height: 22.5;"
                >
                  Proyecto 25
                </div>
                
              </div>
              <div
                class="rct-item "
                style="font-size: 12px; color: white; cursor: pointer; background: rgb(33, 150, 243); border: 1px solid #1a6fb3; z-index: 80; position: absolute; box-sizing: border-box; left: -150.46728971962617px; top: 753.75px; width: 3px; height: 22.5px; line-height: 22.5px;"
                title="Proyecto 26"
              >
                
                <div
                  class="rct-item-content"
                  style="max-height: 22.5;"
                >
                  Proyecto 26
                </div>
                
              </div>
              <div
                class="rct-item "
                style="font-size: 12px; color: white; cursor: pointer; background: rgb(33, 150, 243); border: 1px solid #1a6fb3; z-index: 80; position: absolute; box-sizing: border-box; left: -150.46728971962617px; top: 783.75px; width: 3px; height: 22.5px; line-height: 22.5px;"
                title="Proyecto 27"
              >
                
                <div
                  class="rct-item-content"
                  style="max-height: 22.5;"
                >
                  Proyecto 27
                </div>
                
              </div>
              <div
                class="rct-item "
                style="font-size: 12px; color: white; cursor: pointer; background: rgb(33, 150, 243); border: 1px solid #1a6fb3; z-index: 80; position: absolute; box-sizing: border-box; left: -150.46728971962617px; top: 813.75px; width: 3px; height: 22.5px; line-height: 22.5px;"
                title="Proyecto 28"
              >
                
                <div
                  class="rct-item-content"
                  style="max-height: 22.5;"
                >
                  Proyecto 28
                </div>
                
              </div>
              <div
                class="rct-item "
                style="font-size: 12px; color: white; cursor: pointer; background: rgb(33, 150, 243); border: 1px solid #1a6fb3; z-index: 80; position: absolute; box-sizing: border-box; left: -150.46728971962617px; top: 843.75px; width: 3px; height: 22.5px; line-height: 22.5px;"
                title="Proyecto 29"
              >
                
                <div
                  class="rct-item-content"
                  style="max-height: 22.5;"
                >
                  Proyecto 29
                </div>
                
              </div>
              <div
                class="rct-item "
                style="font-size: 12px; color: white; cursor: pointer; background: rgb(33, 150, 243); border: 1px solid #1a6fb3; z-index: 80; position: absolute; box-sizing: border-box; left: -150.46728971962617px; top: 873.75px; width: 3px; height: 22.5px; line-height: 22.5px;"
                title="Proyecto 0"
              >
                
                <div
                  class="rct-item-content"
                  style="max-height: 22.5;"
                >
                  Proyecto 0
                </div>
                
              </div>
              <div
                class="rct-item "
                style="font-size: 12px; color: white; cursor: pointer; background: rgb(33, 150, 243); border: 1px solid #1a6fb3; z-index: 80; position: absolute; box-sizing: border-box; left: -150.46728971962617px; top: 903.75px; width: 3px; height: 22.5px; line-height: 22.5px;"
                title="Proyecto 1"
              >
                
                <div
                  class="rct-item-content"
                  style="max-height: 22.5;"
                >
                  Proyecto 1
                </div>
                
              </div>
              <div
                class="rct-item "
                style="font-size: 12px; color: white; cursor: pointer; background: rgb(33, 150, 243); border: 1px solid #1a6fb3; z-index: 80; position: absolute; box-sizing: border-box; left: -150.46728971962617px; top: 933.75px; width: 3px; height: 22.5px; line-height: 22.5px;"
                title="Proyecto 2"
              >
                
                <div
                  class="rct-item-content"
                  style="max-height: 22.5;"
                >
                  Proyecto 2
                </div>
                
              </div>
              <div
                class="rct-item "
                style="font-size: 12px; color: white; cursor: pointer; background: rgb(33, 150, 243); border: 1px solid #1a6fb3; z-index: 80; position: absolute; box-sizing: border-box; left: -150.46728971962617px; top: 963.75px; width: 3px; height: 22.5px; line-height: 22.5px;"
                title="Proyecto 3"
              >
                
                <div
                  class="rct-item-content"
                  style="max-height: 22.5;"
                >
                  Proyecto 3
                </div>
                
              </div>
              <div
                class="rct-item "
                style="font-size: 12px; color: white; cursor: pointer; background: rgb(33, 150, 243); border: 1px solid #1a6fb3; z-index: 80; position: absolute; box-sizing: border-box; left: -150.46728971962617px; top: 993.75px; width: 3px; height: 22.5px; line-height: 22.5px;"
                title="Proyecto 4"
              >
                
                <div
                  class="rct-item-content"
                  style="max-height: 22.5;"
                >
                  Proyecto 4
                </div>
                
              </div>
              <div
                class="rct-item "
                style="font-size: 12px; color: white; cursor: pointer; background: rgb(33, 150, 243); border: 1px solid #1a6fb3; z-index: 80; position: absolute; box-sizing: border-box; left: -150.46728971962617px; top: 1023.75px; width: 3px; height: 22.5px; line-height: 22.5px;"
                title="Proyecto 5"
              >
                
                <div
                  class="rct-item-content"
                  style="max-height: 22.5;"
                >
                  Proyecto 5
                </div>
                
              </div>
              <div
                class="rct-item "
                style="font-size: 12px; color: white; cursor: pointer; background: rgb(33, 150, 243); border: 1px solid #1a6fb3; z-index: 80; position: absolute; box-sizing: border-box; left: -150.46728971962617px; top: 1053.75px; width: 3px; height: 22.5px; line-height: 22.5px;"
                title="Proyecto 6"
              >
                
                <div
                  class="rct-item-content"
                  style="max-height: 22.5;"
                >
                  Proyecto 6
                </div>
                
              </div>
              <div
                class="rct-item "
                style="font-size: 12px; color: white; cursor: pointer; background: rgb(33, 150, 243); border: 1px solid #1a6fb3; z-index: 80; position: absolute; box-sizing: border-box; left: -150.46728971962617px; top: 1083.75px; width: 3px; height: 22.5px; line-height: 22.5px;"
                title="Proyecto 7"
              >
                
                <div
                  class="rct-item-content"
                  style="max-height: 22.5;"
                >
                  Proyecto 7
                </div>
                
              </div>
              <div
                class="rct-item "
                style="font-size: 12px; color: white; cursor: pointer; background: rgb(33, 150, 243); border: 1px solid #1a6fb3; z-index: 80; position: absolute; box-sizing: border-box; left: -150.46728971962617px; top: 1113.75px; width: 3px; height: 22.5px; line-height: 22.5px;"
                title="Proyecto 8"
              >
                
                <div
                  class="rct-item-content"
                  style="max-height: 22.5;"
                >
                  Proyecto 8
                </div>
                
              </div>
              <div
                class="rct-item "
                style="font-size: 12px; color: white; cursor: pointer; background: rgb(33, 150, 243); border: 1px solid #1a6fb3; z-index: 80; position: absolute; box-sizing: border-box; left: -150.46728971962617px; top: 1143.75px; width: 3px; height: 22.5px; line-height: 22.5px;"
                title="Proyecto 9"
              >
                
                <div
                  class="rct-item-content"
                  style="max-height: 22.5;"
                >
                  Proyecto 9
                </div>
                
              </div>
              <div
                class="rct-item "
                style="font-size: 12px; color: white; cursor: pointer; background: rgb(33, 150, 243); border: 1px solid #1a6fb3; z-index: 80; position: absolute; box-sizing: border-box; left: -150.46728971962617px; top: 1173.75px; width: 3px; height: 22.5px; line-height: 22.5px;"
                title="Proyecto 10"
              >
                
                <div
                  class="rct-item-content"
                  style="max-height: 22.5;"
                >
                  Proyecto 10
                </div>
                
              </div>
              <div
                class="rct-item "
                style="font-size: 12px; color: white; cursor: pointer; background: rgb(33, 150, 243); border: 1px solid #1a6fb3; z-index: 80; position: absolute; box-sizing: border-box; left: -150.46728971962617px; top: 1203.75px; width: 3px; height: 22.5px; line-height: 22.5px;"
                title="Proyecto 11"
              >
                
                <div
                  class="rct-item-content"
                  style="max-height: 22.5;"
                >
                  Proyecto 11
                </div>
                
              </div>
              <div
                class="rct-item "
                style="font-size: 12px; color: white; cursor: pointer; background: rgb(33, 150, 243); border: 1px solid #1a6fb3; z-index: 80; position: absolute; box-sizing: border-box; left: -150.46728971962617px; top: 1233.75px; width: 3px; height: 22.5px; line-height: 22.5px;"
                title="Proyecto 12"
              >
                
                <div
                  class="rct-item-content"
                  style="max-height: 22.5;"
                >
                  Proyecto 12
                </div>
                
              </div>
              <div
                class="rct-item "
                style="font-size: 12px; color: white; cursor: pointer; background: rgb(33, 150, 243); border: 1px solid #1a6fb3; z-index: 80; position: absolute; box-sizing: border-box; left: -150.46728971962617px; top: 1263.75px; width: 3px; height: 22.5px; line-height: 22.5px;"
                title="Proyecto 13"
              >
                
                <div
                  class="rct-item-content"
                  style="max-height: 22.5;"
                >
                  Proyecto 13
                </div>
                
              </div>
              <div
                class="rct-item "
                style="font-size: 12px; color: white; cursor: pointer; background: rgb(33, 150, 243); border: 1px solid #1a6fb3; z-index: 80; position: absolute; box-sizing: border-box; left: -150.46728971962617px; top: 1293.75px; width: 3px; height: 22.5px; line-height: 22.5px;"
                title="Proyecto 14"
              >
                
                <div
                  class="rct-item-content"
                  style="max-height: 22.5;"
                >
                  Proyecto 14
                </div>
                
              </div>
              <div
                class="rct-item "
                style="font-size: 12px; color: white; cursor: pointer; background: rgb(33, 150, 243); border: 1px solid #1a6fb3; z-index: 80; position: absolute; box-sizing: border-box; left: -150.46728971962617px; top: 1323.75px; width: 3px; height: 22.5px; line-height: 22.5px;"
                title="Proyecto 15"
              >
                
                <div
                  class="rct-item-content"
                  style="max-height: 22.5;"
                >
                  Proyecto 15
                </div>
                
              </div>
              <div
                class="rct-item "
                style="font-size: 12px; color: white; cursor: pointer; background: rgb(33, 150, 243); border: 1px solid #1a6fb3; z-index: 80; position: absolute; box-sizing: border-box; left: -150.46728971962617px; top: 1353.75px; width: 3px; height: 22.5px; line-height: 22.5px;"
                title="Proyecto 16"
              >
                
                <div
                  class="rct-item-content"
                  style="max-height: 22.5;"
                >
                  Proyecto 16
                </div>
                
              </div>
              <div
                class="rct-item "
                style="font-size: 12px; color: white; cursor: pointer; background: rgb(33, 150, 243); border: 1px solid #1a6fb3; z-index: 80; position: absolute; box-sizing: border-box; left: -150.46728971962617px; top: 1383.75px; width: 3px; height: 22.5px; line-height: 22.5px;"
                title="Proyecto 17"
              >
                
                <div
                  class="rct-item-content"
                  style="max-height: 22.5;"
                >
                  Proyecto 17
                </div>
                
              </div>
              <div
                class="rct-item "
                style="font-size: 12px; color: white; cursor: pointer; background: rgb(33, 150, 243); border: 1px solid #1a6fb3; z-index: 80; position: absolute; box-sizing: border-box; left: -150.46728971962617px; top: 1413.75px; width: 3px; height: 22.5px; line-height: 22.5px;"
                title="Proyecto 18"
              >
                
                <div
                  class="rct-item-content"
                  style="max-height: 22.5;"
                >
                  Proyecto 18
                </div>
                
              </div>
              <div
                class="rct-item "
                style="font-size: 12px; color: white; cursor: pointer; background: rgb(33, 150, 243); border: 1px solid #1a6fb3; z-index: 80; position: absolute; box-sizing: border-box; left: -150.46728971962617px; top: 1443.75px; width: 3px; height: 22.5px; line-height: 22.5px;"
                title="Proyecto 19"
              >
                
                <div
                  class="rct-item-content"
                  style="max-height: 22.5;"
                >
                  Proyecto 19
                </div>
                
              </div>
              <div
                class="rct-item "
                style="font-size: 12px; color: white; cursor: pointer; background: rgb(33, 150, 243); border: 1px solid #1a6fb3; z-index: 80; position: absolute; box-sizing: border-box; left: -150.46728971962617px; top: 1473.75px; width: 3px; height: 22.5px; line-height: 22.5px;"
                title="Proyecto 20"
              >
                
                <div
                  class="rct-item-content"
                  style="max-height: 22.5;"
                >
                  Proyecto 20
                </div>
                
              </div>
              <div
                class="rct-item "
                style="font-size: 12px; color: white; cursor: pointer; background: rgb(33, 150, 243); border: 1px solid #1a6fb3; z-index: 80; position: absolute; box-sizing: border-box; left: -150.46728971962617px; top: 1503.75px; width: 3px; height: 22.5px; line-height: 22.5px;"
                title="Proyecto 21"
              >
                
                <div
                  class="rct-item-content"
                  style="max-height: 22.5;"
                >
                  Proyecto 21
                </div>
                
              </div>
              <div
                class="rct-item "
                style="font-size: 12px; color: white; cursor: pointer; background: rgb(33, 150, 243); border: 1px solid #1a6fb3; z-index: 80; position: absolute; box-sizing: border-box; left: -150.46728971962617px; top: 1533.75px; width: 3px; height: 22.5px; line-height: 22.5px;"
                title="Proyecto 22"
              >
                
                <div
                  class="rct-item-content"
                  style="max-height: 22.5;"
                >
                  Proyecto 22
                </div>
                
              </div>
              <div
                class="rct-item "
                style="font-size: 12px; color: white; cursor: pointer; background: rgb(33, 150, 243); border: 1px solid #1a6fb3; z-index: 80; position: absolute; box-sizing: border-box; left: -150.46728971962617px; top: 1563.75px; width: 3px; height: 22.5px; line-height: 22.5px;"
                title="Proyecto 23"
              >
                
                <div
                  class="rct-item-content"
                  style="max-height: 22.5;"
                >
                  Proyecto 23
                </div>
                
              </div>
              <div
                class="rct-item "
                style="font-size: 12px; color: white; cursor: pointer; background: rgb(33, 150, 243); border: 1px solid #1a6fb3; z-index: 80; position: absolute; box-sizing: border-box; left: -150.46728971962617px; top: 1593.75px; width: 3px; height: 22.5px; line-height: 22.5px;"
                title="Proyecto 24"
              >
                
                <div
                  class="rct-item-content"
                  style="max-height: 22.5;"
                >
                  Proyecto 24
                </div>
                
              </div>
              <div
                class="rct-item "
                style="font-size: 12px; color: white; cursor: pointer; background: rgb(33, 150, 243); border: 1px solid #1a6fb3; z-index: 80; position: absolute; box-sizing: border-box; left: -150.46728971962617px; top: 1623.75px; width: 3px; height: 22.5px; line-height: 22.5px;"
                title="Proyecto 25"
              >
                
                <div
                  class="rct-item-content"
                  style="max-height: 22.5;"
                >
                  Proyecto 25
                </div>
                
              </div>
              <div
                class="rct-item "
                style="font-size: 12px; color: white; cursor: pointer; background: rgb(33, 150, 243); border: 1px solid #1a6fb3; z-index: 80; position: absolute; box-sizing: border-box; left: -150.46728971962617px; top: 1653.75px; width: 3px; height: 22.5px; line-height: 22.5px;"
                title="Proyecto 26"
              >
                
                <div
                  class="rct-item-content"
                  style="max-height: 22.5;"
                >
                  Proyecto 26
                </div>
                
              </div>
              <div
                class="rct-item "
                style="font-size: 12px; color: white; cursor: pointer; background: rgb(33, 150, 243); border: 1px solid #1a6fb3; z-index: 80; position: absolute; box-sizing: border-box; left: -150.46728971962617px; top: 1683.75px; width: 3px; height: 22.5px; line-height: 22.5px;"
                title="Proyecto 27"
              >
                
                <div
                  class="rct-item-content"
                  style="max-height: 22.5;"
                >
                  Proyecto 27
                </div>
                
              </div>
              <div
                class="rct-item "
                style="font-size: 12px; color: white; cursor: pointer; background: rgb(33, 150, 243); border: 1px solid #1a6fb3; z-index: 80; position: absolute; box-sizing: border-box; left: -150.46728971962617px; top: 1713.75px; width: 3px; height: 22.5px; line-height: 22.5px;"
                title="Proyecto 28"
              >
                
                <div
                  class="rct-item-content"
                  style="max-height: 22.5;"
                >
                  Proyecto 28
                </div>
                
              </div>
              <div
                class="rct-item "
                style="font-size: 12px; color: white; cursor: pointer; background: rgb(33, 150, 243); border: 1px solid #1a6fb3; z-index: 80; position: absolute; box-sizing: border-box; left: -150.46728971962617px; top: 1743.75px; width: 3px; height: 22.5px; line-height: 22.5px;"
                title="Proyecto 29"
              >
                
                <div
                  class="rct-item-content"
                  style="max-height: 22.5;"
                >
                  Proyecto 29
                </div>
                
              </div>
              <div
                class="rct-item "
                style="font-size: 12px; color: white; cursor: pointer; background: rgb(33, 150, 243); border: 1px solid #1a6fb3; z-index: 80; position: absolute; box-sizing: border-box; left: -150.46728971962617px; top: 1773.75px; width: 3px; height: 22.5px; line-height: 22.5px;"
                title="Proyecto 0"
              >
                
                <div
                  class="rct-item-content"
                  style="max-height: 22.5;"
                >
                  Proyecto 0
                </div>
                
              </div>
              <div
                class="rct-item "
                style="font-size: 12px; color: white; cursor: pointer; background: rgb(33, 150, 243); border: 1px solid #1a6fb3; z-index: 80; position: absolute; box-sizing: border-box; left: -150.46728971962617px; top: 1803.75px; width: 3px; height: 22.5px; line-height: 22.5px;"
                title="Proyecto 1"
              >
                
                <div
                  class="rct-item-content"
                  style="max-height: 22.5;"
                >
                  Proyecto 1
                </div>
                
              </div>
              <div
                class="rct-item "
                style="font-size: 12px; color: white; cursor: pointer; background: rgb(33, 150, 243); border: 1px solid #1a6fb3; z-index: 80; position: absolute; box-sizing: border-box; left: -150.46728971962617px; top: 1833.75px; width: 3px; height: 22.5px; line-height: 22.5px;"
                title="Proyecto 2"
              >
                
                <div
                  class="rct-item-content"
                  style="max-height: 22.5;"
                >
                  Proyecto 2
                </div>
                
              </div>
              <div
                class="rct-item "
                style="font-size: 12px; color: white; cursor: pointer; background: rgb(33, 150, 243); border: 1px solid #1a6fb3; z-index: 80; position: absolute; box-sizing: border-box; left: -150.46728971962617px; top: 1863.75px; width: 3px; height: 22.5px; line-height: 22.5px;"
                title="Proyecto 3"
              >
                
                <div
                  class="rct-item-content"
                  style="max-height: 22.5;"
                >
                  Proyecto 3
                </div>
                
              </div>
              <div
                class="rct-item "
                style="font-size: 12px; color: white; cursor: pointer; background: rgb(33, 150, 243); border: 1px solid #1a6fb3; z-index: 80; position: absolute; box-sizing: border-box; left: -150.46728971962617px; top: 1893.75px; width: 3px; height: 22.5px; line-height: 22.5px;"
                title="Proyecto 4"
              >
                
                <div
                  class="rct-item-content"
                  style="max-height: 22.5;"
                >
                  Proyecto 4
                </div>
                
              </div>
              <div
                class="rct-item "
                style="font-size: 12px; color: white; cursor: pointer; background: rgb(33, 150, 243); border: 1px solid #1a6fb3; z-index: 80; position: absolute; box-sizing: border-box; left: -150.46728971962617px; top: 1923.75px; width: 3px; height: 22.5px; line-height: 22.5px;"
                title="Proyecto 5"
              >
                
                <div
                  class="rct-item-content"
                  style="max-height: 22.5;"
                >
                  Proyecto 5
                </div>
                
              </div>
              <div
                class="rct-item "
                style="font-size: 12px; color: white; cursor: pointer; background: rgb(33, 150, 243); border: 1px solid #1a6fb3; z-index: 80; position: absolute; box-sizing: border-box; left: -150.46728971962617px; top: 1953.75px; width: 3px; height: 22.5px; line-height: 22.5px;"
                title="Proyecto 6"
              >
                
                <div
                  class="rct-item-content"
                  style="max-height: 22.5;"
                >
                  Proyecto 6
                </div>
                
              </div>
              <div
                class="rct-item "
                style="font-size: 12px; color: white; cursor: pointer; background: rgb(33, 150, 243); border: 1px solid #1a6fb3; z-index: 80; position: absolute; box-sizing: border-box; left: -150.46728971962617px; top: 1983.75px; width: 3px; height: 22.5px; line-height: 22.5px;"
                title="Proyecto 7"
              >
                
                <div
                  class="rct-item-content"
                  style="max-height: 22.5;"
                >
                  Proyecto 7
                </div>
                
              </div>
              <div
                class="rct-item "
                style="font-size: 12px; color: white; cursor: pointer; background: rgb(33, 150, 243); border: 1px solid #1a6fb3; z-index: 80; position: absolute; box-sizing: border-box; left: -150.46728971962617px; top: 2013.75px; width: 3px; height: 22.5px; line-height: 22.5px;"
                title="Proyecto 8"
              >
                
                <div
                  class="rct-item-content"
                  style="max-height: 22.5;"
                >
                  Proyecto 8
                </div>
                
              </div>
              <div
                class="rct-item "
                style="font-size: 12px; color: white; cursor: pointer; background: rgb(33, 150, 243); border: 1px solid #1a6fb3; z-index: 80; position: absolute; box-sizing: border-box; left: -150.46728971962617px; top: 2043.75px; width: 3px; height: 22.5px; line-height: 22.5px;"
                title="Proyecto 9"
              >
                
                <div
                  class="rct-item-content"
                  style="max-height: 22.5;"
                >
                  Proyecto 9
                </div>
                
              </div>
              <div
                class="rct-item "
                style="font-size: 12px; color: white; cursor: pointer; background: rgb(33, 150, 243); border: 1px solid #1a6fb3; z-index: 80; position: absolute; box-sizing: border-box; left: -150.46728971962617px; top: 2073.75px; width: 3px; height: 22.5px; line-height: 22.5px;"
                title="Proyecto 10"
              >
                
                <div
                  class="rct-item-content"
                  style="max-height: 22.5;"
                >
                  Proyecto 10
                </div>
                
              </div>
              <div
                class="rct-item "
                style="font-size: 12px; color: white; cursor: pointer; background: rgb(33, 150, 243); border: 1px solid #1a6fb3; z-index: 80; position: absolute; box-sizing: border-box; left: -150.46728971962617px; top: 2103.75px; width: 3px; height: 22.5px; line-height: 22.5px;"
                title="Proyecto 11"
              >
                
                <div
                  class="rct-item-content"
                  style="max-height: 22.5;"
                >
                  Proyecto 11
                </div>
                
              </div>
              <div
                class="rct-item "
                style="font-size: 12px; color: white; cursor: pointer; background: rgb(33, 150, 243); border: 1px solid #1a6fb3; z-index: 80; position: absolute; box-sizing: border-box; left: -150.46728971962617px; top: 2133.75px; width: 3px; height: 22.5px; line-height: 22.5px;"
                title="Proyecto 12"
              >
                
                <div
                  class="rct-item-content"
                  style="max-height: 22.5;"
                >
                  Proyecto 12
                </div>
                
              </div>
              <div
                class="rct-item "
                style="font-size: 12px; color: white; cursor: pointer; background: rgb(33, 150, 243); border: 1px solid #1a6fb3; z-index: 80; position: absolute; box-sizing: border-box; left: -150.46728971962617px; top: 2163.75px; width: 3px; height: 22.5px; line-height: 22.5px;"
                title="Proyecto 13"
              >
                
                <div
                  class="rct-item-content"
                  style="max-height: 22.5;"
                >
                  Proyecto 13
                </div>
                
              </div>
              <div
                class="rct-item "
                style="font-size: 12px; color: white; cursor: pointer; background: rgb(33, 150, 243); border: 1px solid #1a6fb3; z-index: 80; position: absolute; box-sizing: border-box; left: -150.46728971962617px; top: 2193.75px; width: 3px; height: 22.5px; line-height: 22.5px;"
                title="Proyecto 14"
              >
                
                <div
                  class="rct-item-content"
                  style="max-height: 22.5;"
                >
                  Proyecto 14
                </div>
                
              </div>
              <div
                class="rct-item "
                style="font-size: 12px; color: white; cursor: pointer; background: rgb(33, 150, 243); border: 1px solid #1a6fb3; z-index: 80; position: absolute; box-sizing: border-box; left: -150.46728971962617px; top: 2223.75px; width: 3px; height: 22.5px; line-height: 22.5px;"
                title="Proyecto 15"
              >
                
                <div
                  class="rct-item-content"
                  style="max-height: 22.5;"
                >
                  Proyecto 15
                </div>
                
              </div>
              <div
                class="rct-item "
                style="font-size: 12px; color: white; cursor: pointer; background: rgb(33, 150, 243); border: 1px solid #1a6fb3; z-index: 80; position: absolute; box-sizing: border-box; left: -150.46728971962617px; top: 2253.75px; width: 3px; height: 22.5px; line-height: 22.5px;"
                title="Proyecto 16"
              >
                
                <div
                  class="rct-item-content"
                  style="max-height: 22.5;"
                >
                  Proyecto 16
                </div>
                
              </div>
              <div
                class="rct-item "
                style="font-size: 12px; color: white; cursor: pointer; background: rgb(33, 150, 243); border: 1px solid #1a6fb3; z-index: 80; position: absolute; box-sizing: border-box; left: -150.46728971962617px; top: 2283.75px; width: 3px; height: 22.5px; line-height: 22.5px;"
                title="Proyecto 17"
              >
                
                <div
                  class="rct-item-content"
                  style="max-height: 22.5;"
                >
                  Proyecto 17
                </div>
                
              </div>
              <div
                class="rct-item "
                style="font-size: 12px; color: white; cursor: pointer; background: rgb(33, 150, 243); border: 1px solid #1a6fb3; z-index: 80; position: absolute; box-sizing: border-box; left: -150.46728971962617px; top: 2313.75px; width: 3px; height: 22.5px; line-height: 22.5px;"
                title="Proyecto 18"
              >
                
                <div
                  class="rct-item-content"
                  style="max-height: 22.5;"
                >
                  Proyecto 18
                </div>
                
              </div>
              <div
                class="rct-item "
                style="font-size: 12px; color: white; cursor: pointer; background: rgb(33, 150, 243); border: 1px solid #1a6fb3; z-index: 80; position: absolute; box-sizing: border-box; left: -150.46728971962617px; top: 2343.75px; width: 3px; height: 22.5px; line-height: 22.5px;"
                title="Proyecto 19"
              >
                
                <div
                  class="rct-item-content"
                  style="max-height: 22.5;"
                >
                  Proyecto 19
                </div>
                
              </div>
              <div
                class="rct-item "
                style="font-size: 12px; color: white; cursor: pointer; background: rgb(33, 150, 243); border: 1px solid #1a6fb3; z-index: 80; position: absolute; box-sizing: border-box; left: -150.46728971962617px; top: 2373.75px; width: 3px; height: 22.5px; line-height: 22.5px;"
                title="Proyecto 20"
              >
                
                <div
                  class="rct-item-content"
                  style="max-height: 22.5;"
                >
                  Proyecto 20
                </div>
                
              </div>
              <div
                class="rct-item "
                style="font-size: 12px; color: white; cursor: pointer; background: rgb(33, 150, 243); border: 1px solid #1a6fb3; z-index: 80; position: absolute; box-sizing: border-box; left: -150.46728971962617px; top: 2403.75px; width: 3px; height: 22.5px; line-height: 22.5px;"
                title="Proyecto 21"
              >
                
                <div
                  class="rct-item-content"
                  style="max-height: 22.5;"
                >
                  Proyecto 21
                </div>
                
              </div>
              <div
                class="rct-item "
                style="font-size: 12px; color: white; cursor: pointer; background: rgb(33, 150, 243); border: 1px solid #1a6fb3; z-index: 80; position: absolute; box-sizing: border-box; left: -150.46728971962617px; top: 2433.75px; width: 3px; height: 22.5px; line-height: 22.5px;"
                title="Proyecto 22"
              >
                
                <div
                  class="rct-item-content"
                  style="max-height: 22.5;"
                >
                  Proyecto 22
                </div>
                
              </div>
              <div
                class="rct-item "
                style="font-size: 12px; color: white; cursor: pointer; background: rgb(33, 150, 243); border: 1px solid #1a6fb3; z-index: 80; position: absolute; box-sizing: border-box; left: -150.46728971962617px; top: 2463.75px; width: 3px; height: 22.5px; line-height: 22.5px;"
                title="Proyecto 23"
              >
                
                <div
                  class="rct-item-content"
                  style="max-height: 22.5;"
                >
                  Proyecto 23
                </div>
                
              </div>
              <div
                class="rct-item "
                style="font-size: 12px; color: white; cursor: pointer; background: rgb(33, 150, 243); border: 1px solid #1a6fb3; z-index: 80; position: absolute; box-sizing: border-box; left: -150.46728971962617px; top: 2493.75px; width: 3px; height: 22.5px; line-height: 22.5px;"
                title="Proyecto 24"
              >
                
                <div
                  class="rct-item-content"
                  style="max-height: 22.5;"
                >
                  Proyecto 24
                </div>
                
              </div>
              <div
                class="rct-item "
                style="font-size: 12px; color: white; cursor: pointer; background: rgb(33, 150, 243); border: 1px solid #1a6fb3; z-index: 80; position: absolute; box-sizing: border-box; left: -150.46728971962617px; top: 2523.75px; width: 3px; height: 22.5px; line-height: 22.5px;"
                title="Proyecto 25"
              >
                
                <div
                  class="rct-item-content"
                  style="max-height: 22.5;"
                >
                  Proyecto 25
                </div>
                
              </div>
              <div
                class="rct-item "
                style="font-size: 12px; color: white; cursor: pointer; background: rgb(33, 150, 243); border: 1px solid #1a6fb3; z-index: 80; position: absolute; box-sizing: border-box; left: -150.46728971962617px; top: 2553.75px; width: 3px; height: 22.5px; line-height: 22.5px;"
                title="Proyecto 26"
              >
                
                <div
                  class="rct-item-content"
                  style="max-height: 22.5;"
                >
                  Proyecto 26
                </div>
                
              </div>
              <div
                class="rct-item "
                style="font-size: 12px; color: white; cursor: pointer; background: rgb(33, 150, 243); border: 1px solid #1a6fb3; z-index: 80; position: absolute; box-sizing: border-box; left: -150.46728971962617px; top: 2583.75px; width: 3px; height: 22.5px; line-height: 22.5px;"
                title="Proyecto 27"
              >
                
                <div
                  class="rct-item-content"
                  style="max-height: 22.5;"
                >
                  Proyecto 27
                </div>
                
              </div>
              <div
                class="rct-item "
                style="font-size: 12px; color: white; cursor: pointer; background: rgb(33, 150, 243); border: 1px solid #1a6fb3; z-index: 80; position: absolute; box-sizing: border-box; left: -150.46728971962617px; top: 2613.75px; width: 3px; height: 22.5px; line-height: 22.5px;"
                title="Proyecto 28"
              >
                
                <div
                  class="rct-item-content"
                  style="max-height: 22.5;"
                >
                  Proyecto 28
                </div>
                
              </div>
              <div
                class="rct-item "
                style="font-size: 12px; color: white; cursor: pointer; background: rgb(33, 150, 243); border: 1px solid #1a6fb3; z-index: 80; position: absolute; box-sizing: border-box; left: -150.46728971962617px; top: 2643.75px; width: 3px; height: 22.5px; line-height: 22.5px;"
                title="Proyecto 29"
              >
                
                <div
                  class="rct-item-content"
                  style="max-height: 22.5;"
                >
                  Proyecto 29
                </div>
                
              </div>
              <div
                class="rct-item "
                style="font-size: 12px; color: white; cursor: pointer; background: rgb(33, 150, 243); border: 1px solid #1a6fb3; z-index: 80; position: absolute; box-sizing: border-box; left: -150.46728971962617px; top: 2673.75px; width: 3px; height: 22.5px; line-height: 22.5px;"
                title="Proyecto 0"
              >
                
                <div
                  class="rct-item-content"
                  style="max-height: 22.5;"
                >
                  Proyecto 0
                </div>
                
              </div>
              <div
                class="rct-item "
                style="font-size: 12px; color: white; cursor: pointer; background: rgb(33, 150, 243); border: 1px solid #1a6fb3; z-index: 80; position: absolute; box-sizing: border-box; left: -150.46728971962617px; top: 2703.75px; width: 3px; height: 22.5px; line-height: 22.5px;"
                title="Proyecto 1"
              >
                
                <div
                  class="rct-item-content"
                  style="max-height: 22.5;"
                >
                  Proyecto 1
                </div>
                
              </div>
              <div
                class="rct-item "
                style="font-size: 12px; color: white; cursor: pointer; background: rgb(33, 150, 243); border: 1px solid #1a6fb3; z-index: 80; position: absolute; box-sizing: border-box; left: -150.46728971962617px; top: 2733.75px; width: 3px; height: 22.5px; line-height: 22.5px;"
                title="Proyecto 2"
              >
                
                <div
                  class="rct-item-content"
                  style="max-height: 22.5;"
                >
                  Proyecto 2
                </div>
                
              </div>
              <div
                class="rct-item "
                style="font-size: 12px; color: white; cursor: pointer; background: rgb(33, 150, 243); border: 1px solid #1a6fb3; z-index: 80; position: absolute; box-sizing: border-box; left: -150.46728971962617px; top: 2763.75px; width: 3px; height: 22.5px; line-height: 22.5px;"
                title="Proyecto 3"
              >
                
                <div
                  class="rct-item-content"
                  style="max-height: 22.5;"
                >
                  Proyecto 3
                </div>
                
              </div>
              <div
                class="rct-item "
                style="font-size: 12px; color: white; cursor: pointer; background: rgb(33, 150, 243); border: 1px solid #1a6fb3; z-index: 80; position: absolute; box-sizing: border-box; left: -150.46728971962617px; top: 2793.75px; width: 3px; height: 22.5px; line-height: 22.5px;"
                title="Proyecto 4"
              >
                
                <div
                  class="rct-item-content"
                  style="max-height: 22.5;"
                >
                  Proyecto 4
                </div>
                
              </div>
              <div
                class="rct-item "
                style="font-size: 12px; color: white; cursor: pointer; background: rgb(33, 150, 243); border: 1px solid #1a6fb3; z-index: 80; position: absolute; box-sizing: border-box; left: -150.46728971962617px; top: 2823.75px; width: 3px; height: 22.5px; line-height: 22.5px;"
                title="Proyecto 5"
              >
                
                <div
                  class="rct-item-content"
                  style="max-height: 22.5;"
                >
                  Proyecto 5
                </div>
                
              </div>
              <div
                class="rct-item "
                style="font-size: 12px; color: white; cursor: pointer; background: rgb(33, 150, 243); border: 1px solid #1a6fb3; z-index: 80; position: absolute; box-sizing: border-box; left: -150.46728971962617px; top: 2853.75px; width: 3px; height: 22.5px; line-height: 22.5px;"
                title="Proyecto 6"
              >
                
                <div
                  class="rct-item-content"
                  style="max-height: 22.5;"
                >
                  Proyecto 6
                </div>
                
              </div>
              <div
                class="rct-item "
                style="font-size: 12px; color: white; cursor: pointer; background: rgb(33, 150, 243); border: 1px solid #1a6fb3; z-index: 80; position: absolute; box-sizing: border-box; left: -150.46728971962617px; top: 2883.75px; width: 3px; height: 22.5px; line-height: 22.5px;"
                title="Proyecto 7"
              >
                
                <div
                  class="rct-item-content"
                  style="max-height: 22.5;"
                >
                  Proyecto 7
                </div>
                
              </div>
              <div
                class="rct-item "
                style="font-size: 12px; color: white; cursor: pointer; background: rgb(33, 150, 243); border: 1px solid #1a6fb3; z-index: 80; position: absolute; box-sizing: border-box; left: -150.46728971962617px; top: 2913.75px; width: 3px; height: 22.5px; line-height: 22.5px;"
                title="Proyecto 8"
              >
                
                <div
                  class="rct-item-content"
                  style="max-height: 22.5;"
                >
                  Proyecto 8
                </div>
                
              </div>
              <div
                class="rct-item "
                style="font-size: 12px; color: white; cursor: pointer; background: rgb(33, 150, 243); border: 1px solid #1a6fb3; z-index: 80; position: absolute; box-sizing: border-box; left: -150.46728971962617px; top: 2943.75px; width: 3px; height: 22.5px; line-height: 22.5px;"
                title="Proyecto 9"
              >
                
                <div
                  class="rct-item-content"
                  style="max-height: 22.5;"
                >
                  Proyecto 9
                </div>
                
              </div>
            </div>
          </div>
        </div>
      </div>
    </div>
  </div>
</div>
`;
