// Jest Snapshot v1, https://goo.gl/fbAQLP

exports[`login component tests renders correctly 1`] = `
<div>
  <div
    class="makeStyles-paper-1"
    data-testid="login"
  >
    <h1
      class="MuiTypography-root MuiTypography-h5 css-ag7rrr-MuiTypography-root"
    >
      Iniciar sesión
    </h1>
    <form
      class="makeStyles-form-2"
      novalidate=""
    >
      <div
        class="MuiFormControl-root MuiFormControl-marginNormal MuiFormControl-fullWidth MuiTextField-root css-17vbkzs-MuiFormControl-root-MuiTextField-root"
      >
        <label
          class="MuiInputLabel-root MuiInputLabel-formControl MuiInputLabel-animated MuiInputLabel-shrink MuiInputLabel-outlined MuiFormLabel-root MuiFormLabel-colorPrimary Mui-focused Mui-required css-1kty9di-MuiFormLabel-root-MuiInputLabel-root"
          data-shrink="true"
          for="email"
          id="email-label"
        >
          Email
          <span
            aria-hidden="true"
            class="MuiInputLabel-asterisk MuiFormLabel-asterisk css-wgai2y-MuiFormLabel-asterisk"
          >
             
            *
          </span>
        </label>
        <div
          class="MuiOutlinedInput-root MuiInputBase-root MuiInputBase-colorPrimary MuiInputBase-fullWidth Mui-focused MuiInputBase-formControl css-md26zr-MuiInputBase-root-MuiOutlinedInput-root"
        >
          <input
            aria-invalid="false"
            autocomplete="email"
            class="MuiOutlinedInput-input MuiInputBase-input css-1t8l2tu-MuiInputBase-input-MuiOutlinedInput-input"
            id="email"
            name="email"
            required=""
            type="email"
            value=""
          />
          <fieldset
            aria-hidden="true"
            class="MuiOutlinedInput-notchedOutline css-1d3z3hw-MuiOutlinedInput-notchedOutline"
          >
            <legend
              class="css-186xcr5"
            >
              <span>
                Email
                 *
              </span>
            </legend>
          </fieldset>
        </div>
      </div>
      <div
        class="MuiFormControl-root MuiFormControl-marginNormal MuiFormControl-fullWidth MuiTextField-root css-17vbkzs-MuiFormControl-root-MuiTextField-root"
      >
        <label
          class="MuiInputLabel-root MuiInputLabel-formControl MuiInputLabel-animated MuiInputLabel-outlined MuiFormLabel-root MuiFormLabel-colorPrimary Mui-required css-14s5rfu-MuiFormLabel-root-MuiInputLabel-root"
          data-shrink="false"
          for="password"
          id="password-label"
        >
          Contraseña
          <span
            aria-hidden="true"
            class="MuiInputLabel-asterisk MuiFormLabel-asterisk css-wgai2y-MuiFormLabel-asterisk"
          >
             
            *
          </span>
        </label>
        <div
          class="MuiOutlinedInput-root MuiInputBase-root MuiInputBase-colorPrimary MuiInputBase-fullWidth MuiInputBase-formControl css-md26zr-MuiInputBase-root-MuiOutlinedInput-root"
        >
          <input
            aria-invalid="false"
            autocomplete="current-password"
            class="MuiOutlinedInput-input MuiInputBase-input css-1t8l2tu-MuiInputBase-input-MuiOutlinedInput-input"
            id="password"
            name="password"
            required=""
            type="password"
            value=""
          />
          <fieldset
            aria-hidden="true"
            class="MuiOutlinedInput-notchedOutline css-1d3z3hw-MuiOutlinedInput-notchedOutline"
          >
            <legend
              class="css-dhh0px"
            >
              <span>
                Contraseña
                 *
              </span>
            </legend>
          </fieldset>
        </div>
      </div>
      <button
        class="MuiButton-root MuiButton-contained MuiButton-containedPrimary MuiButton-sizeMedium MuiButton-containedSizeMedium MuiButton-fullWidth MuiButtonBase-root makeStyles-submit-3 css-1fu7jd5-MuiButtonBase-root-MuiButton-root"
        role="submit"
        style="margin-top: 20px;"
        tabindex="0"
        type="submit"
      >
        Iniciar sesión
        <span
          class="MuiTouchRipple-root css-8je8zh-MuiTouchRipple-root"
        />
      </button>
      <h2
        class="MuiTypography-root MuiTypography-body1 makeStyles-errorMsg-4 css-ahj2mt-MuiTypography-root"
      >
        Identidad o contraseña no válida.
      </h2>
    </form>
  </div>
</div>
`;
